#
# There is insufficient memory for the Java Runtime Environment to continue.
# Native memory allocation (mmap) failed to map 65536 bytes. Error detail: Failed to commit metaspace.
# Possible reasons:
#   The system is out of physical RAM or swap space
#   This process is running with CompressedOops enabled, and the Java Heap may be blocking the growth of the native heap
# Possible solutions:
#   Reduce memory load on the system
#   Increase physical memory or swap space
#   Check if swap backing store is full
#   Decrease Java heap size (-Xmx/-Xms)
#
#  , pid=34984
#
# -Declipse.application=org.eclipse.jdt.ls.core.id1 -Dosgi.bundles.defaultStartLevel=4 -Declipse.product=org.eclipse.jdt.ls.core.product -Djava.import.generatesMetadataFilesAtProjectRoot=false -Dm2e.project.cache.size=50 -DDetectVMInstallationsJob.disabled=true -Dfile.encoding=utf8 -XX:+UseParallelGC -XX:GCTimeRatio=4 -XX:AdaptiveSizePolicyWeight=90 -Dsun.zip.disableMemoryMapping=true -Xmx2G -Xms100m -Xlog:disable -javaagent:c:\Users\WINDOWS\.vscode\extensions\redhat.java-1.56.0-win32-x64\lombok\lombok-1.18.39-4050.jar -XX:+HeapDumpOnOutOfMemoryError -XX:HeapDumpPath=c:\Users\WINDOWS\AppData\Roaming\Code\User\workspaceStorage\e74945239c8ce53c9d014c37863d82f6\redhat.java -Daether.dependencyCollector.impl=bf c:\Users\WINDOWS\.vscode\extensions\redhat.java-1.56.0-win32-x64\server\plugins\org.eclipse.equinox.launcher_1.8.0.v20260804-1928.jar -configuration c:\Users\WINDOWS\AppData\Roaming\Code\User\globalStorage\redhat.java\1.56.0\config_win -data c:\Users\WINDOWS\AppData\Roaming\Code\User\workspaceStorage\e74945239c8ce53c9d014c37863d82f6\redhat.java\jdt_ws --stdio

Host: AMD Ryzen 5 4600H with Radeon Graphics         , 12 cores, 7G,  Windows 11 , 64 bit Build 26100 (10.0.26100.9444)
Time: Tue Sep 22 12:21:42 2026 Hora estándar central (México) elapsed time: 6.841927 seconds (0d 0h 0m 6s)

---------------  T H R E A D  ---------------

Current thread (0x000001f51903d8f0):  JavaThread "C1 CompilerThread0" daemon [_thread_in_vm, id=26384, stack(0x000000946a400000,0x000000946a500000) (1024K)]


Current CompileTask:
C1:6842 2063   !   3       org.eclipse.osgi.storage.bundlefile.CloseableBundleFile::lockOpen (113 bytes)

Stack: [0x000000946a400000,0x000000946a500000]
Native frames: (J=compiled Java code, j=interpreted, Vv=VM code, C=native code)
V  [jvm.dll+0x6d83e9]
V  [jvm.dll+0x8b5736]
V  [jvm.dll+0x8b7cee]
V  [jvm.dll+0x8b83d3]
V  [jvm.dll+0x284596]
V  [jvm.dll+0x8b147e]
V  [jvm.dll+0x679ad4]
V  [jvm.dll+0x1e849b]
V  [jvm.dll+0x1e825e]
V  [jvm.dll+0x67c3d2]
V  [jvm.dll+0x67c202]
V  [jvm.dll+0x67a4ae]
V  [jvm.dll+0x68b8ba]
V  [jvm.dll+0x684a32]
V  [jvm.dll+0x1f6540]
V  [jvm.dll+0x1f6728]
V  [jvm.dll+0x1693fe]
V  [jvm.dll+0x169246]
V  [jvm.dll+0x160e10]
V  [jvm.dll+0x1630ad]
V  [jvm.dll+0x1616b6]
V  [jvm.dll+0x15b3f7]
V  [jvm.dll+0x16aec8]
V  [jvm.dll+0x1569e5]
V  [jvm.dll+0x156d32]
V  [jvm.dll+0x156fe4]
V  [jvm.dll+0x1563fc]
V  [jvm.dll+0x15818d]
V  [jvm.dll+0x25baad]
V  [jvm.dll+0x25a03a]
V  [jvm.dll+0x3f8aae]
V  [jvm.dll+0x8600cd]
V  [jvm.dll+0x6d6c1d]
C  [ucrtbase.dll+0x2cd30]
C  [KERNEL32.DLL+0x2cd87]
C  [ntdll.dll+0xacaec]


---------------  P R O C E S S  ---------------

Threads class SMR info:
_java_thread_list=0x000001f5197fe290, length=15, elements={
0x000001f4bb4dd240, 0x000001f4bb48e720, 0x000001f5190006d0, 0x000001f51900c5e0,
0x000001f51902d710, 0x000001f51902f260, 0x000001f519032080, 0x000001f51903b710,
0x000001f51903d8f0, 0x000001f519217480, 0x000001f519394a40, 0x000001f5198d0c50,
0x000001f5198b7bc0, 0x000001f51931b9c0, 0x000001f519136c50
}

Java Threads: ( => current thread )
  0x000001f4bb4dd240 JavaThread "main"                              [_thread_blocked, id=39544, stack(0x0000009469900000,0x0000009469a00000) (1024K)]
  0x000001f4bb48e720 JavaThread "Reference Handler"          daemon [_thread_blocked, id=38328, stack(0x0000009469d00000,0x0000009469e00000) (1024K)]
  0x000001f5190006d0 JavaThread "Finalizer"                  daemon [_thread_blocked, id=11900, stack(0x0000009469e00000,0x0000009469f00000) (1024K)]
  0x000001f51900c5e0 JavaThread "Signal Dispatcher"          daemon [_thread_blocked, id=40940, stack(0x0000009469f00000,0x000000946a000000) (1024K)]
  0x000001f51902d710 JavaThread "Attach Listener"            daemon [_thread_blocked, id=19384, stack(0x000000946a000000,0x000000946a100000) (1024K)]
  0x000001f51902f260 JavaThread "Service Thread"             daemon [_thread_blocked, id=18616, stack(0x000000946a100000,0x000000946a200000) (1024K)]
  0x000001f519032080 JavaThread "Monitor Deflation Thread"   daemon [_thread_blocked, id=27596, stack(0x000000946a200000,0x000000946a300000) (1024K)]
  0x000001f51903b710 JavaThread "C2 CompilerThread0"         daemon [_thread_in_native, id=13204, stack(0x000000946a300000,0x000000946a400000) (1024K)]
=>0x000001f51903d8f0 JavaThread "C1 CompilerThread0"         daemon [_thread_in_vm, id=26384, stack(0x000000946a400000,0x000000946a500000) (1024K)]
  0x000001f519217480 JavaThread "Common-Cleaner"             daemon [_thread_blocked, id=13764, stack(0x000000946a500000,0x000000946a600000) (1024K)]
  0x000001f519394a40 JavaThread "Notification Thread"        daemon [_thread_blocked, id=6696, stack(0x000000946a600000,0x000000946a700000) (1024K)]
  0x000001f5198d0c50 JavaThread "Active Thread: Equinox Container: 918f1e40-09e8-4d91-b25a-8c527148e93f"        [_thread_blocked, id=32164, stack(0x000000946ad00000,0x000000946ae00000) (1024K)]
  0x000001f5198b7bc0 JavaThread "Refresh Thread: Equinox Container: 918f1e40-09e8-4d91-b25a-8c527148e93f" daemon [_thread_blocked, id=29144, stack(0x000000946af00000,0x000000946b000000) (1024K)]
  0x000001f51931b9c0 JavaThread "Framework Event Dispatcher: Equinox Container: 918f1e40-09e8-4d91-b25a-8c527148e93f" daemon [_thread_blocked, id=8752, stack(0x000000946b000000,0x000000946b100000) (1024K)]
  0x000001f519136c50 JavaThread "Start Level: Equinox Container: 918f1e40-09e8-4d91-b25a-8c527148e93f" daemon [_thread_in_vm, id=37124, stack(0x000000946b100000,0x000000946b200000) (1024K)]
Total: 15

Other Threads:
  0x000001f4bb59e830 VMThread "VM Thread"                           [id=30152, stack(0x0000009469c00000,0x0000009469d00000) (1024K)]
  0x000001f4bb36ca00 WatcherThread "VM Periodic Task Thread"        [id=12348, stack(0x0000009469b00000,0x0000009469c00000) (1024K)]
  0x000001f4bb4fb450 WorkerThread "GC Thread#0"                     [id=22052, stack(0x0000009469a00000,0x0000009469b00000) (1024K)]
  0x000001f5197621a0 WorkerThread "GC Thread#1"                     [id=13356, stack(0x000000946a700000,0x000000946a800000) (1024K)]
  0x000001f5195b9da0 WorkerThread "GC Thread#2"                     [id=30092, stack(0x000000946a800000,0x000000946a900000) (1024K)]
  0x000001f5196fbdc0 WorkerThread "GC Thread#3"                     [id=40508, stack(0x000000946a900000,0x000000946aa00000) (1024K)]
  0x000001f5196fc170 WorkerThread "GC Thread#4"                     [id=36464, stack(0x000000946aa00000,0x000000946ab00000) (1024K)]
  0x000001f519789ef0 WorkerThread "GC Thread#5"                     [id=31892, stack(0x000000946ab00000,0x000000946ac00000) (1024K)]
  0x000001f51978a2a0 WorkerThread "GC Thread#6"                     [id=38784, stack(0x000000946ac00000,0x000000946ad00000) (1024K)]
  0x000001f519b500e0 WorkerThread "GC Thread#7"                     [id=3852, stack(0x000000946ae00000,0x000000946af00000) (1024K)]
Total: 10

Threads with active compile tasks:
C2 CompilerThread0  6897 2049       4       java.util.zip.ZipFile::getZipEntry (322 bytes)
C1 CompilerThread0  6897 2063   !   3       org.eclipse.osgi.storage.bundlefile.CloseableBundleFile::lockOpen (113 bytes)
Total: 2

VM state: not at safepoint (normal execution)

VM Mutex/Monitor currently owned by a thread:  ([mutex/lock_event])
[0x00007ffa3442d530] Metaspace_lock - owner thread: 0x000001f51903d8f0

Heap address: 0x0000000080000000, size: 2048 MB, Compressed Oops mode: 32-bit

CDS archive(s) mapped at: [0x000001f4d2000000-0x000001f4d2ba0000-0x000001f4d2ba0000), size 12189696, SharedBaseAddress: 0x000001f4d2000000, ArchiveRelocationMode: 1.
Compressed class space mapped at: 0x000001f4d3000000-0x000001f513000000, reserved size: 1073741824
Narrow klass base: 0x000001f4d2000000, Narrow klass shift: 0, Narrow klass range: 0x100000000

GC Precious Log:
 CardTable entry size: 512
 CPUs: 12 total, 12 available
 Memory: 7549M
 Large Page Support: Disabled
 NUMA Support: Disabled
 Compressed Oops: Enabled (32-bit)
 Alignments: Space 512K, Generation 512K, Heap 2M
 Heap Min Capacity: 100M
 Heap Initial Capacity: 100M
 Heap Max Capacity: 2G
 Pre-touch: Disabled
 Parallel Workers: 10

Heap:
 PSYoungGen      total 29696K, used 18476K [0x00000000d5580000, 0x00000000d7680000, 0x0000000100000000)
  eden space 25600K, 56% used [0x00000000d5580000,0x00000000d638fb50,0x00000000d6e80000)
  from space 4096K, 99% used [0x00000000d7280000,0x00000000d767b560,0x00000000d7680000)
  to   space 4096K, 0% used [0x00000000d6e80000,0x00000000d6e80000,0x00000000d7280000)
 ParOldGen       total 68608K, used 2017K [0x0000000080000000, 0x0000000084300000, 0x00000000d5580000)
  object space 68608K, 2% used [0x0000000080000000,0x00000000801f85c8,0x0000000084300000)
 Metaspace       used 9414K, committed 9728K, reserved 1114112K
  class space    used 1011K, committed 1152K, reserved 1048576K

Card table byte_map: [0x000001f4bae80000,0x000001f4bb290000] _byte_map_base: 0x000001f4baa80000

Marking Bits: (ParMarkBitMap*) 0x00007ffa344344a0
 Begin Bits: [0x000001f4cd990000, 0x000001f4cf990000)
 End Bits:   [0x000001f4cf990000, 0x000001f4d1990000)

Polling page: 0x000001f4b9280000

Metaspace:

Usage:
  Non-class:      8.21 MB used.
      Class:   1011.50 KB used.
       Both:      9.19 MB used.

Virtual space:
  Non-class space:       64.00 MB reserved,       8.38 MB ( 13%) committed,  1 nodes.
      Class space:        1.00 GB reserved,       1.12 MB ( <1%) committed,  1 nodes.
             Both:        1.06 GB reserved,       9.50 MB ( <1%) committed. 

Chunk freelists:
   Non-Class:  6.67 MB
       Class:  14.78 MB
        Both:  21.45 MB

MaxMetaspaceSize: unlimited
CompressedClassSpaceSize: 1.00 GB
Initial GC threshold: 21.00 MB
Current GC threshold: 21.00 MB
CDS: on
 - commit_granule_bytes: 65536.
 - commit_granule_words: 8192.
 - virtual_space_node_default_size: 8388608.
 - enlarge_chunks_in_place: 1.
 - use_allocation_guard: 0.


Internal statistics:

num_allocs_failed_limit: 0.
num_arena_births: 256.
num_arena_deaths: 0.
num_vsnodes_births: 2.
num_vsnodes_deaths: 0.
num_space_committed: 152.
num_space_uncommitted: 0.
num_chunks_returned_to_freelist: 0.
num_chunks_taken_from_freelist: 508.
num_chunk_merges: 0.
num_chunk_splits: 325.
num_chunks_enlarged: 212.
num_inconsistent_stats: 0.

CodeHeap 'non-profiled nmethods': size=120000Kb used=812Kb max_used=812Kb free=119187Kb
 bounds [0x000001f4c61b0000, 0x000001f4c6420000, 0x000001f4cd6e0000]
CodeHeap 'profiled nmethods': size=120000Kb used=3791Kb max_used=3791Kb free=116209Kb
 bounds [0x000001f4be6e0000, 0x000001f4beaa0000, 0x000001f4c5c10000]
CodeHeap 'non-nmethods': size=5760Kb used=1225Kb max_used=1240Kb free=4534Kb
 bounds [0x000001f4c5c10000, 0x000001f4c5e80000, 0x000001f4c61b0000]
CodeCache: size=245760Kb, used=5828Kb, max_used=5843Kb, free=239930Kb
 total_blobs=2545, nmethods=2052, adapters=400, full_count=0
Compilation: enabled, stopped_count=0, restarted_count=0

Compilation events (20 events):
Event: 6.817 Thread 0x000001f51903d8f0 2043       3       java.lang.StringBuilder::setLength (6 bytes)
Event: 6.817 Thread 0x000001f51903d8f0 nmethod 2043 0x000001f4bea90010 code [0x000001f4bea901c0, 0x000001f4bea90300]
Event: 6.824 Thread 0x000001f51903d8f0 2046       3       java.util.LinkedHashMap::<init> (15 bytes)
Event: 6.824 Thread 0x000001f51903d8f0 nmethod 2046 0x000001f4bea90390 code [0x000001f4bea90540, 0x000001f4bea90778]
Event: 6.827 Thread 0x000001f51903d8f0 2047       3       org.eclipse.osgi.util.ManifestElement::readLine (122 bytes)
Event: 6.827 Thread 0x000001f51903d8f0 nmethod 2047 0x000001f4bea90890 code [0x000001f4bea90b60, 0x000001f4bea91bb8]
Event: 6.829 Thread 0x000001f51903b710 2048       4       java.util.zip.ZipFile::ensureOpen (40 bytes)
Event: 6.830 Thread 0x000001f51903b710 nmethod 2048 0x000001f4c627a990 code [0x000001f4c627ab20, 0x000001f4c627abf8]
Event: 6.830 Thread 0x000001f51903b710 2049       4       java.util.zip.ZipFile::getZipEntry (322 bytes)
Event: 6.832 Thread 0x000001f51903d8f0 2054       3       org.eclipse.osgi.framework.util.CaseInsensitiveDictionaryMap::computeHashCode (76 bytes)
Event: 6.832 Thread 0x000001f51903d8f0 nmethod 2054 0x000001f4bea91f90 code [0x000001f4bea921e0, 0x000001f4bea92a08]
Event: 6.832 Thread 0x000001f51903d8f0 2055       1       sun.util.locale.BaseLocale::getScript (5 bytes)
Event: 6.832 Thread 0x000001f51903d8f0 nmethod 2055 0x000001f4c627ad10 code [0x000001f4c627aea0, 0x000001f4c627af68]
Event: 6.835 Thread 0x000001f51903d8f0 2058       3       java.lang.StringBuilder::append (6 bytes)
Event: 6.835 Thread 0x000001f51903d8f0 nmethod 2058 0x000001f4bea92d10 code [0x000001f4bea92ec0, 0x000001f4bea93070]
Event: 6.836 Thread 0x000001f51903d8f0 2059       3       java.lang.AbstractStringBuilder::<init> (63 bytes)
Event: 6.836 Thread 0x000001f51903d8f0 nmethod 2059 0x000001f4bea93190 code [0x000001f4bea933a0, 0x000001f4bea939c8]
Event: 6.836 Thread 0x000001f51903d8f0 2062       1       org.eclipse.osgi.internal.loader.EquinoxClassLoader::getClasspathManager (5 bytes)
Event: 6.837 Thread 0x000001f51903d8f0 nmethod 2062 0x000001f4c627b010 code [0x000001f4c627b1a0, 0x000001f4c627b268]
Event: 6.837 Thread 0x000001f51903d8f0 2063   !   3       org.eclipse.osgi.storage.bundlefile.CloseableBundleFile::lockOpen (113 bytes)

GC Heap History (4 events):
Event: 0.998 GC heap before
{Heap before GC invocations=1 (full 0):
 PSYoungGen      total 29696K, used 25600K [0x00000000d5580000, 0x00000000d7680000, 0x0000000100000000)
  eden space 25600K, 100% used [0x00000000d5580000,0x00000000d6e80000,0x00000000d6e80000)
  from space 4096K, 0% used [0x00000000d7280000,0x00000000d7280000,0x00000000d7680000)
  to   space 4096K, 0% used [0x00000000d6e80000,0x00000000d6e80000,0x00000000d7280000)
 ParOldGen       total 68608K, used 0K [0x0000000080000000, 0x0000000084300000, 0x00000000d5580000)
  object space 68608K, 0% used [0x0000000080000000,0x0000000080000000,0x0000000084300000)
 Metaspace       used 4338K, committed 4544K, reserved 1114112K
  class space    used 474K, committed 576K, reserved 1048576K
}
Event: 1.005 GC heap after
{Heap after GC invocations=1 (full 0):
 PSYoungGen      total 29696K, used 3255K [0x00000000d5580000, 0x00000000d7680000, 0x0000000100000000)
  eden space 25600K, 0% used [0x00000000d5580000,0x00000000d5580000,0x00000000d6e80000)
  from space 4096K, 79% used [0x00000000d6e80000,0x00000000d71ade88,0x00000000d7280000)
  to   space 4096K, 0% used [0x00000000d7280000,0x00000000d7280000,0x00000000d7680000)
 ParOldGen       total 68608K, used 16K [0x0000000080000000, 0x0000000084300000, 0x00000000d5580000)
  object space 68608K, 0% used [0x0000000080000000,0x0000000080004000,0x0000000084300000)
 Metaspace       used 4338K, committed 4544K, reserved 1114112K
  class space    used 474K, committed 576K, reserved 1048576K
}
Event: 3.317 GC heap before
{Heap before GC invocations=2 (full 0):
 PSYoungGen      total 29696K, used 28855K [0x00000000d5580000, 0x00000000d7680000, 0x0000000100000000)
  eden space 25600K, 100% used [0x00000000d5580000,0x00000000d6e80000,0x00000000d6e80000)
  from space 4096K, 79% used [0x00000000d6e80000,0x00000000d71ade88,0x00000000d7280000)
  to   space 4096K, 0% used [0x00000000d7280000,0x00000000d7280000,0x00000000d7680000)
 ParOldGen       total 68608K, used 16K [0x0000000080000000, 0x0000000084300000, 0x00000000d5580000)
  object space 68608K, 0% used [0x0000000080000000,0x0000000080004000,0x0000000084300000)
 Metaspace       used 8004K, committed 8256K, reserved 1114112K
  class space    used 832K, committed 960K, reserved 1048576K
}
Event: 3.324 GC heap after
{Heap after GC invocations=2 (full 0):
 PSYoungGen      total 29696K, used 4077K [0x00000000d5580000, 0x00000000d7680000, 0x0000000100000000)
  eden space 25600K, 0% used [0x00000000d5580000,0x00000000d5580000,0x00000000d6e80000)
  from space 4096K, 99% used [0x00000000d7280000,0x00000000d767b560,0x00000000d7680000)
  to   space 4096K, 0% used [0x00000000d6e80000,0x00000000d6e80000,0x00000000d7280000)
 ParOldGen       total 68608K, used 2017K [0x0000000080000000, 0x0000000084300000, 0x00000000d5580000)
  object space 68608K, 2% used [0x0000000080000000,0x00000000801f85c8,0x0000000084300000)
 Metaspace       used 8004K, committed 8256K, reserved 1114112K
  class space    used 832K, committed 960K, reserved 1048576K
}

Dll operation events (18 events):
Event: 0.018 Attempting to load shared library c:\Users\WINDOWS\.vscode\extensions\redhat.java-1.56.0-win32-x64\jre\21.0.12.1-win32-x86_64\bin\java.dll
Event: 0.018 Loaded shared library c:\Users\WINDOWS\.vscode\extensions\redhat.java-1.56.0-win32-x64\jre\21.0.12.1-win32-x86_64\bin\java.dll
Event: 0.086 Attempting to load shared library c:\Users\WINDOWS\.vscode\extensions\redhat.java-1.56.0-win32-x64\jre\21.0.12.1-win32-x86_64\bin\zip.dll
Event: 0.086 Loaded shared library c:\Users\WINDOWS\.vscode\extensions\redhat.java-1.56.0-win32-x64\jre\21.0.12.1-win32-x86_64\bin\zip.dll
Event: 0.128 Attempting to load shared library C:\Users\WINDOWS\.vscode\extensions\redhat.java-1.56.0-win32-x64\jre\21.0.12.1-win32-x86_64\bin\instrument.dll
Event: 0.128 Loaded shared library C:\Users\WINDOWS\.vscode\extensions\redhat.java-1.56.0-win32-x64\jre\21.0.12.1-win32-x86_64\bin\instrument.dll
Event: 0.136 Attempting to load shared library C:\Users\WINDOWS\.vscode\extensions\redhat.java-1.56.0-win32-x64\jre\21.0.12.1-win32-x86_64\bin\net.dll
Event: 0.139 Loaded shared library C:\Users\WINDOWS\.vscode\extensions\redhat.java-1.56.0-win32-x64\jre\21.0.12.1-win32-x86_64\bin\net.dll
Event: 0.142 Attempting to load shared library C:\Users\WINDOWS\.vscode\extensions\redhat.java-1.56.0-win32-x64\jre\21.0.12.1-win32-x86_64\bin\nio.dll
Event: 0.145 Loaded shared library C:\Users\WINDOWS\.vscode\extensions\redhat.java-1.56.0-win32-x64\jre\21.0.12.1-win32-x86_64\bin\nio.dll
Event: 0.150 Attempting to load shared library C:\Users\WINDOWS\.vscode\extensions\redhat.java-1.56.0-win32-x64\jre\21.0.12.1-win32-x86_64\bin\zip.dll
Event: 0.150 Loaded shared library C:\Users\WINDOWS\.vscode\extensions\redhat.java-1.56.0-win32-x64\jre\21.0.12.1-win32-x86_64\bin\zip.dll
Event: 0.186 Attempting to load shared library C:\Users\WINDOWS\.vscode\extensions\redhat.java-1.56.0-win32-x64\jre\21.0.12.1-win32-x86_64\bin\jimage.dll
Event: 0.186 Loaded shared library C:\Users\WINDOWS\.vscode\extensions\redhat.java-1.56.0-win32-x64\jre\21.0.12.1-win32-x86_64\bin\jimage.dll
Event: 0.346 Attempting to load shared library c:\Users\WINDOWS\.vscode\extensions\redhat.java-1.56.0-win32-x64\jre\21.0.12.1-win32-x86_64\bin\verify.dll
Event: 0.348 Loaded shared library c:\Users\WINDOWS\.vscode\extensions\redhat.java-1.56.0-win32-x64\jre\21.0.12.1-win32-x86_64\bin\verify.dll
Event: 6.377 Attempting to load shared library C:\Users\WINDOWS\AppData\Roaming\Code\User\globalStorage\redhat.java\1.56.0\config_win\org.eclipse.equinox.launcher\org.eclipse.equinox.launcher.win32.win32.x86_64_1.3.100.v20260804-1928\eclipse_11924.dll
Event: 6.382 Loaded shared library C:\Users\WINDOWS\AppData\Roaming\Code\User\globalStorage\redhat.java\1.56.0\config_win\org.eclipse.equinox.launcher\org.eclipse.equinox.launcher.win32.win32.x86_64_1.3.100.v20260804-1928\eclipse_11924.dll

Deoptimization events (20 events):
Event: 6.507 Thread 0x000001f519136c50 Uncommon trap: trap_request=0xffffff45 fr.pc=0x000001f4c621b5cc relative=0x0000000000000e0c
Event: 6.507 Thread 0x000001f519136c50 Uncommon trap: reason=unstable_if action=reinterpret pc=0x000001f4c621b5cc method=java.lang.String.<init>(Ljava/nio/charset/Charset;[BII)V @ 6 c2
Event: 6.507 Thread 0x000001f519136c50 DEOPT PACKING pc=0x000001f4c621b5cc sp=0x000000946b1fdb70
Event: 6.507 Thread 0x000001f519136c50 DEOPT UNPACKING pc=0x000001f4c5c63aa2 sp=0x000000946b1fdb40 mode 2
Event: 6.672 Thread 0x000001f519136c50 Uncommon trap: trap_request=0xffffff45 fr.pc=0x000001f4c61ea074 relative=0x0000000000000054
Event: 6.672 Thread 0x000001f519136c50 Uncommon trap: reason=unstable_if action=reinterpret pc=0x000001f4c61ea074 method=java.lang.CharacterData.of(I)Ljava/lang/CharacterData; @ 4 c2
Event: 6.672 Thread 0x000001f519136c50 DEOPT PACKING pc=0x000001f4c61ea074 sp=0x000000946b1fd5c0
Event: 6.672 Thread 0x000001f519136c50 DEOPT UNPACKING pc=0x000001f4c5c63aa2 sp=0x000000946b1fd558 mode 2
Event: 6.807 Thread 0x000001f519136c50 Uncommon trap: trap_request=0xffffffde fr.pc=0x000001f4c62783e4 relative=0x0000000000000304
Event: 6.807 Thread 0x000001f519136c50 Uncommon trap: reason=class_check action=maybe_recompile pc=0x000001f4c62783e4 method=java.util.regex.Pattern$BmpCharPropertyGreedy.match(Ljava/util/regex/Matcher;ILjava/lang/CharSequence;)Z @ 26 c2
Event: 6.807 Thread 0x000001f519136c50 DEOPT PACKING pc=0x000001f4c62783e4 sp=0x000000946b1fdd50
Event: 6.807 Thread 0x000001f519136c50 DEOPT UNPACKING pc=0x000001f4c5c63aa2 sp=0x000000946b1fdce8 mode 2
Event: 6.807 Thread 0x000001f519136c50 Uncommon trap: trap_request=0xffffffde fr.pc=0x000001f4c62783e4 relative=0x0000000000000304
Event: 6.807 Thread 0x000001f519136c50 Uncommon trap: reason=class_check action=maybe_recompile pc=0x000001f4c62783e4 method=java.util.regex.Pattern$BmpCharPropertyGreedy.match(Ljava/util/regex/Matcher;ILjava/lang/CharSequence;)Z @ 26 c2
Event: 6.807 Thread 0x000001f519136c50 DEOPT PACKING pc=0x000001f4c62783e4 sp=0x000000946b1fdd50
Event: 6.807 Thread 0x000001f519136c50 DEOPT UNPACKING pc=0x000001f4c5c63aa2 sp=0x000000946b1fdce8 mode 2
Event: 6.824 Thread 0x000001f519136c50 Uncommon trap: trap_request=0xffffff45 fr.pc=0x000001f4c6273a30 relative=0x00000000000009d0
Event: 6.824 Thread 0x000001f519136c50 Uncommon trap: reason=unstable_if action=reinterpret pc=0x000001f4c6273a30 method=java.util.concurrent.ConcurrentHashMap.putVal(Ljava/lang/Object;Ljava/lang/Object;Z)Ljava/lang/Object; @ 148 c2
Event: 6.824 Thread 0x000001f519136c50 DEOPT PACKING pc=0x000001f4c6273a30 sp=0x000000946b1fe270
Event: 6.824 Thread 0x000001f519136c50 DEOPT UNPACKING pc=0x000001f4c5c63aa2 sp=0x000000946b1fe1e0 mode 2

Classes loaded (20 events):
Event: 6.646 Loading class sun/util/logging/resources/logging_es_MX
Event: 6.646 Loading class sun/util/logging/resources/logging_es_MX done
Event: 6.646 Loading class sun/util/logging/resources/logging_es_MX
Event: 6.646 Loading class sun/util/logging/resources/logging_es_MX done
Event: 6.649 Loading class java/util/Formatter$DateTime
Event: 6.649 Loading class java/util/Formatter$DateTime done
Event: 6.649 Loading class java/util/Formatter$FixedString
Event: 6.649 Loading class java/util/Formatter$FixedString done
Event: 6.650 Loading class java/time/ZonedDateTime$1
Event: 6.650 Loading class java/time/ZonedDateTime$1 done
Event: 6.655 Loading class jdk/internal/module/ModulePatcher$PatchedModuleReader
Event: 6.655 Loading class jdk/internal/module/ModulePatcher$PatchedModuleReader done
Event: 6.661 Loading class sun/util/resources/LocaleData$CommonResourceBundleProvider
Event: 6.662 Loading class sun/util/resources/LocaleData$LocaleDataResourceBundleProvider
Event: 6.662 Loading class java/util/spi/ResourceBundleProvider
Event: 6.662 Loading class java/util/spi/ResourceBundleProvider done
Event: 6.662 Loading class sun/util/resources/LocaleData$LocaleDataResourceBundleProvider done
Event: 6.662 Loading class sun/util/resources/LocaleData$CommonResourceBundleProvider done
Event: 6.663 Loading class sun/util/resources/Bundles$2
Event: 6.663 Loading class sun/util/resources/Bundles$2 done

Classes unloaded (0 events):
No events

Classes redefined (0 events):
No events

Internal exceptions (20 events):
Event: 1.029 Thread 0x000001f4bb4dd240 Exception <a 'java/io/FileNotFoundException'{0x00000000d55f9960}> (0x00000000d55f9960) 
thrown [s\src\hotspot\share\prims\jni.cpp, line 520]
Event: 1.086 Thread 0x000001f4bb4dd240 Implicit null exception at 0x000001f4c6204049 to 0x000001f4c62049b8
Event: 1.086 Thread 0x000001f4bb4dd240 Implicit null exception at 0x000001f4c621901a to 0x000001f4c6219224
Event: 1.087 Thread 0x000001f4bb4dd240 Exception <a 'java/lang/NoSuchMethodError'{0x00000000d572d1e0}: 'void java.lang.invoke.DirectMethodHandle$Holder.invokeStatic(java.lang.Object, java.lang.Object, java.lang.Object, java.lang.Object)'> (0x00000000d572d1e0) 
thrown [s\src\hotspot\share\interpreter\linkResolver.cpp, line 773]
Event: 1.089 Thread 0x000001f4bb4dd240 Implicit null exception at 0x000001f4c620bfbd to 0x000001f4c620c041
Event: 1.231 Thread 0x000001f4bb4dd240 Exception <a 'java/lang/NoSuchMethodError'{0x00000000d5a177c8}: 'void java.lang.invoke.DirectMethodHandle$Holder.invokeSpecial(java.lang.Object, java.lang.Object, java.lang.Object)'> (0x00000000d5a177c8) 
thrown [s\src\hotspot\share\interpreter\linkResolver.cpp, line 773]
Event: 1.446 Thread 0x000001f4bb4dd240 Exception <a 'java/lang/NoSuchMethodError'{0x00000000d6497d18}: 'int java.lang.invoke.DirectMethodHandle$Holder.invokeVirtual(java.lang.Object, java.lang.Object)'> (0x00000000d6497d18) 
thrown [s\src\hotspot\share\interpreter\linkResolver.cpp, line 773]
Event: 1.568 Thread 0x000001f4bb4dd240 Exception <a 'java/lang/NoSuchMethodError'{0x00000000d6622180}: 'int java.lang.invoke.DirectMethodHandle$Holder.invokeStaticInit(java.lang.Object, java.lang.Object, java.lang.Object, java.lang.Object)'> (0x00000000d6622180) 
thrown [s\src\hotspot\share\interpreter\linkResolver.cpp, line 773]
Event: 1.569 Thread 0x000001f4bb4dd240 Exception <a 'java/lang/IncompatibleClassChangeError'{0x00000000d662a868}: Found class java.lang.Object, but interface was expected> (0x00000000d662a868) 
thrown [s\src\hotspot\share\interpreter\linkResolver.cpp, line 840]
Event: 1.570 Thread 0x000001f4bb4dd240 Exception <a 'java/lang/NoSuchMethodError'{0x00000000d6631718}: 'void java.lang.invoke.DirectMethodHandle$Holder.invokeStaticInit(java.lang.Object, java.lang.Object)'> (0x00000000d6631718) 
thrown [s\src\hotspot\share\interpreter\linkResolver.cpp, line 773]
Event: 1.571 Thread 0x000001f4bb4dd240 Exception <a 'java/lang/NoSuchMethodError'{0x00000000d663b698}: 'int java.lang.invoke.DirectMethodHandle$Holder.invokeStaticInit(java.lang.Object, java.lang.Object)'> (0x00000000d663b698) 
thrown [s\src\hotspot\share\interpreter\linkResolver.cpp, line 773]
Event: 1.614 Thread 0x000001f4bb4dd240 Exception <a 'java/lang/NoSuchMethodError'{0x00000000d68ac730}: 'java.lang.Object java.lang.invoke.DirectMethodHandle$Holder.newInvokeSpecial(java.lang.Object, int, java.lang.Object)'> (0x00000000d68ac730) 
thrown [s\src\hotspot\share\interpreter\linkResolver.cpp, line 773]
Event: 1.652 Thread 0x000001f4bb4dd240 Exception <a 'java/lang/ClassNotFoundException'{0x00000000d6acb8c8}: sun/net/www/protocol/plurl/Handler> (0x00000000d6acb8c8) 
thrown [s\src\hotspot\share\classfile\systemDictionary.cpp, line 313]
Event: 1.652 Thread 0x000001f4bb4dd240 Exception <a 'java/lang/ClassNotFoundException'{0x00000000d6acc748}: sun/net/www/protocol/plurl/Handler> (0x00000000d6acc748) 
thrown [s\src\hotspot\share\classfile\systemDictionary.cpp, line 313]
Event: 6.374 Thread 0x000001f4bb4dd240 Exception <a 'java/lang/UnsatisfiedLinkError'{0x00000000d5685280}: 'void org.eclipse.equinox.launcher.JNIBridge._update_splash()'> (0x00000000d5685280) 
thrown [s\src\hotspot\share\prims\nativeLookup.cpp, line 415]
Event: 6.427 Thread 0x000001f5198b7bc0 Exception <a 'java/lang/NoSuchMethodError'{0x00000000d58ea960}: 'void java.lang.invoke.DirectMethodHandle$Holder.invokeInterface(java.lang.Object, java.lang.Object, java.lang.Object)'> (0x00000000d58ea960) 
thrown [s\src\hotspot\share\interpreter\linkResolver.cpp, line 773]
Event: 6.558 Thread 0x000001f519136c50 Exception <a 'java/lang/NoSuchMethodError'{0x00000000d5d18960}: 'java.lang.Object java.lang.invoke.DirectMethodHandle$Holder.newInvokeSpecial(java.lang.Object, java.lang.Object, int, java.lang.Object)'> (0x00000000d5d18960) 
thrown [s\src\hotspot\share\interpreter\linkResolver.cpp, line 773]
Event: 6.559 Thread 0x000001f519136c50 Exception <a 'java/lang/NoSuchMethodError'{0x00000000d5d1c790}: 'java.lang.Object java.lang.invoke.DirectMethodHandle$Holder.invokeSpecial(java.lang.Object, java.lang.Object, java.lang.Object, int, java.lang.Object)'> (0x00000000d5d1c790) 
thrown [s\src\hotspot\share\interpreter\linkResolver.cpp, line 773]
Event: 6.582 Thread 0x000001f519136c50 Exception <a 'java/lang/NoClassDefFoundError'{0x00000000d5dc28c8}: jakarta/servlet/ServletContainerInitializer> (0x00000000d5dc28c8) 
thrown [s\src\hotspot\share\classfile\systemDictionary.cpp, line 302]
Event: 6.642 Thread 0x000001f519136c50 Exception <a 'java/lang/ClassNotFoundException'{0x00000000d5f2c0c0}: sun/util/logging/resources/spi/loggingProvider> (0x00000000d5f2c0c0) 
thrown [s\src\hotspot\share\classfile\systemDictionary.cpp, line 313]

ZGC Phase Switch (0 events):
No events

VM Operations (20 events):
Event: 1.594 Executing non-safepoint VM operation: HandshakeAllThreads (Deoptimize)
Event: 1.594 Executing non-safepoint VM operation: HandshakeAllThreads (Deoptimize) done
Event: 1.603 Executing non-safepoint VM operation: HandshakeAllThreads (Deoptimize)
Event: 1.603 Executing non-safepoint VM operation: HandshakeAllThreads (Deoptimize) done
Event: 1.645 Executing non-safepoint VM operation: HandshakeAllThreads (Deoptimize)
Event: 1.645 Executing non-safepoint VM operation: HandshakeAllThreads (Deoptimize) done
Event: 2.659 Executing safepoint VM operation: Cleanup
Event: 2.659 Executing safepoint VM operation: Cleanup done
Event: 3.317 Executing safepoint VM operation: ParallelGCFailedAllocation (Allocation Failure)
Event: 3.324 Executing safepoint VM operation: ParallelGCFailedAllocation (Allocation Failure) done
Event: 6.622 Executing non-safepoint VM operation: HandshakeAllThreads (Deoptimize)
Event: 6.622 Executing non-safepoint VM operation: HandshakeAllThreads (Deoptimize) done
Event: 6.622 Executing safepoint VM operation: Cleanup
Event: 6.623 Executing safepoint VM operation: Cleanup done
Event: 6.655 Executing non-safepoint VM operation: HandshakeAllThreads (Deoptimize)
Event: 6.656 Executing non-safepoint VM operation: HandshakeAllThreads (Deoptimize) done
Event: 6.673 Executing non-safepoint VM operation: HandshakeAllThreads (Deoptimize)
Event: 6.673 Executing non-safepoint VM operation: HandshakeAllThreads (Deoptimize) done
Event: 6.823 Executing non-safepoint VM operation: HandshakeAllThreads (Deoptimize)
Event: 6.823 Executing non-safepoint VM operation: HandshakeAllThreads (Deoptimize) done

Memory protections (0 events):
No events

Nmethod flushes (0 events):
No events

Events (15 events):
Event: 0.040 Thread 0x000001f4bb4dd240 Thread added: 0x000001f4bb4dd240
Event: 0.051 Thread 0x000001f4bb4dd240 Thread added: 0x000001f4bb48e720
Event: 0.051 Thread 0x000001f4bb4dd240 Thread added: 0x000001f5190006d0
Event: 0.051 Thread 0x000001f4bb4dd240 Thread added: 0x000001f51900c5e0
Event: 0.051 Thread 0x000001f4bb4dd240 Thread added: 0x000001f51902d710
Event: 0.051 Thread 0x000001f4bb4dd240 Thread added: 0x000001f51902f260
Event: 0.051 Thread 0x000001f4bb4dd240 Thread added: 0x000001f519032080
Event: 0.051 Thread 0x000001f4bb4dd240 Thread added: 0x000001f51903b710
Event: 0.051 Thread 0x000001f4bb4dd240 Thread added: 0x000001f51903d8f0
Event: 0.133 Thread 0x000001f4bb4dd240 Thread added: 0x000001f519217480
Event: 0.491 Thread 0x000001f4bb4dd240 Thread added: 0x000001f519394a40
Event: 1.584 Thread 0x000001f4bb4dd240 Thread added: 0x000001f5198d0c50
Event: 6.371 Thread 0x000001f4bb4dd240 Thread added: 0x000001f5198b7bc0
Event: 6.432 Thread 0x000001f5198b7bc0 Thread added: 0x000001f51931b9c0
Event: 6.438 Thread 0x000001f4bb4dd240 Thread added: 0x000001f519136c50


Dynamic libraries:
0x00007ff742f90000 - 0x00007ff742f9e000 	c:\Users\WINDOWS\.vscode\extensions\redhat.java-1.56.0-win32-x64\jre\21.0.12.1-win32-x86_64\bin\java.exe
0x00007ffb39ee0000 - 0x00007ffb3a147000 	C:\WINDOWS\SYSTEM32\ntdll.dll
0x00007ffb381e0000 - 0x00007ffb382ab000 	C:\WINDOWS\System32\KERNEL32.DLL
0x00007ffb37630000 - 0x00007ffb37a32000 	C:\WINDOWS\System32\KERNELBASE.dll
0x00007ffb370e0000 - 0x00007ffb3722c000 	C:\WINDOWS\System32\ucrtbase.dll
0x00007ffb20980000 - 0x00007ffb20998000 	c:\Users\WINDOWS\.vscode\extensions\redhat.java-1.56.0-win32-x64\jre\21.0.12.1-win32-x86_64\bin\jli.dll
0x00007ffb20960000 - 0x00007ffb2097e000 	c:\Users\WINDOWS\.vscode\extensions\redhat.java-1.56.0-win32-x64\jre\21.0.12.1-win32-x86_64\bin\VCRUNTIME140.dll
0x00007ffb38460000 - 0x00007ffb3862f000 	C:\WINDOWS\System32\USER32.dll
0x00007ffb37bd0000 - 0x00007ffb37bf7000 	C:\WINDOWS\System32\win32u.dll
0x00007ffb36290000 - 0x00007ffb36520000 	C:\WINDOWS\WinSxS\amd64_microsoft.windows.common-controls_6595b64144ccf1df_6.0.26100.9278_none_3e0d1ba8e3303201\COMCTL32.dll
0x00007ffb38430000 - 0x00007ffb3845b000 	C:\WINDOWS\System32\GDI32.dll
0x00007ffb37500000 - 0x00007ffb37629000 	C:\WINDOWS\System32\gdi32full.dll
0x00007ffb391e0000 - 0x00007ffb39289000 	C:\WINDOWS\System32\msvcrt.dll
0x00007ffb37450000 - 0x00007ffb374f3000 	C:\WINDOWS\System32\msvcp_win.dll
0x00007ffb389d0000 - 0x00007ffb38a01000 	C:\WINDOWS\System32\IMM32.DLL
0x00007ffb23f60000 - 0x00007ffb23f6c000 	c:\Users\WINDOWS\.vscode\extensions\redhat.java-1.56.0-win32-x64\jre\21.0.12.1-win32-x86_64\bin\vcruntime140_1.dll
0x00007ffaaa270000 - 0x00007ffaaa2fd000 	c:\Users\WINDOWS\.vscode\extensions\redhat.java-1.56.0-win32-x64\jre\21.0.12.1-win32-x86_64\bin\msvcp140.dll
0x00007ffa33770000 - 0x00007ffa34512000 	c:\Users\WINDOWS\.vscode\extensions\redhat.java-1.56.0-win32-x64\jre\21.0.12.1-win32-x86_64\bin\server\jvm.dll
0x00007ffb39dd0000 - 0x00007ffb39e8c000 	C:\WINDOWS\System32\ADVAPI32.dll
0x00007ffb39bd0000 - 0x00007ffb39c79000 	C:\WINDOWS\System32\sechost.dll
0x00007ffb38030000 - 0x00007ffb38148000 	C:\WINDOWS\System32\RPCRT4.dll
0x00007ffb39c80000 - 0x00007ffb39d00000 	C:\WINDOWS\System32\WS2_32.dll
0x00007ffb36f40000 - 0x00007ffb36f9e000 	C:\WINDOWS\SYSTEM32\POWRPROF.dll
0x00007ffb35d80000 - 0x00007ffb35db6000 	C:\WINDOWS\SYSTEM32\WINMM.dll
0x00007ffb34b60000 - 0x00007ffb34b6b000 	C:\WINDOWS\SYSTEM32\VERSION.dll
0x00007ffb36f20000 - 0x00007ffb36f35000 	C:\WINDOWS\SYSTEM32\UMPDC.dll
0x00007ffb354c0000 - 0x00007ffb354db000 	C:\WINDOWS\SYSTEM32\kernel.appcore.dll
0x00007ffb23f20000 - 0x00007ffb23f2a000 	c:\Users\WINDOWS\.vscode\extensions\redhat.java-1.56.0-win32-x64\jre\21.0.12.1-win32-x86_64\bin\jimage.dll
0x00007ffb36860000 - 0x00007ffb36aac000 	C:\WINDOWS\SYSTEM32\DBGHELP.DLL
0x00007ffb38640000 - 0x00007ffb389c5000 	C:\WINDOWS\System32\combase.dll
0x00007ffb39640000 - 0x00007ffb39719000 	C:\WINDOWS\System32\OLEAUT32.dll
0x00007ffb36750000 - 0x00007ffb3678b000 	C:\WINDOWS\SYSTEM32\dbgcore.DLL
0x00007ffb37300000 - 0x00007ffb373ac000 	C:\WINDOWS\System32\bcryptPrimitives.dll
0x00007ffb21230000 - 0x00007ffb2123f000 	c:\Users\WINDOWS\.vscode\extensions\redhat.java-1.56.0-win32-x64\jre\21.0.12.1-win32-x86_64\bin\instrument.dll
0x00007ffb06990000 - 0x00007ffb069b0000 	c:\Users\WINDOWS\.vscode\extensions\redhat.java-1.56.0-win32-x64\jre\21.0.12.1-win32-x86_64\bin\java.dll
0x00007ffb38a40000 - 0x00007ffb391d8000 	C:\WINDOWS\System32\SHELL32.dll
0x00007ffb33b30000 - 0x00007ffb343de000 	C:\WINDOWS\SYSTEM32\windows.storage.dll
0x00007ffb38330000 - 0x00007ffb3842b000 	C:\WINDOWS\System32\SHCORE.dll
0x00007ffb39d60000 - 0x00007ffb39dc6000 	C:\WINDOWS\System32\shlwapi.dll
0x00007ffb37000000 - 0x00007ffb37029000 	C:\WINDOWS\SYSTEM32\profapi.dll
0x00007ffac06c0000 - 0x00007ffac06d8000 	c:\Users\WINDOWS\.vscode\extensions\redhat.java-1.56.0-win32-x64\jre\21.0.12.1-win32-x86_64\bin\zip.dll
0x00007ffb20e80000 - 0x00007ffb20e90000 	C:\Users\WINDOWS\.vscode\extensions\redhat.java-1.56.0-win32-x64\jre\21.0.12.1-win32-x86_64\bin\net.dll
0x00007ffb2dbf0000 - 0x00007ffb2dd1a000 	C:\WINDOWS\SYSTEM32\WINHTTP.dll
0x00007ffb35340000 - 0x00007ffb353ac000 	C:\WINDOWS\system32\mswsock.dll
0x00007ffac06a0000 - 0x00007ffac06b6000 	C:\Users\WINDOWS\.vscode\extensions\redhat.java-1.56.0-win32-x64\jre\21.0.12.1-win32-x86_64\bin\nio.dll
0x00007ffb20bc0000 - 0x00007ffb20bd0000 	c:\Users\WINDOWS\.vscode\extensions\redhat.java-1.56.0-win32-x64\jre\21.0.12.1-win32-x86_64\bin\verify.dll
0x00007ffabfb70000 - 0x00007ffabfbb5000 	C:\Users\WINDOWS\AppData\Roaming\Code\User\globalStorage\redhat.java\1.56.0\config_win\org.eclipse.equinox.launcher\org.eclipse.equinox.launcher.win32.win32.x86_64_1.3.100.v20260804-1928\eclipse_11924.dll
0x00007ffb37e10000 - 0x00007ffb37faa000 	C:\WINDOWS\System32\ole32.dll

JVMTI agents:
c:\Users\WINDOWS\.vscode\extensions\redhat.java-1.56.0-win32-x64\lombok\lombok-1.18.39-4050.jar path:c:\Users\WINDOWS\.vscode\extensions\redhat.java-1.56.0-win32-x64\jre\21.0.12.1-win32-x86_64\bin\instrument.dll, loaded, initialized, instrumentlib options:none

dbghelp: loaded successfully - version: 4.0.5 - missing functions: none
symbol engine: initialized successfully - sym options: 0x614 - pdb path: .;c:\Users\WINDOWS\.vscode\extensions\redhat.java-1.56.0-win32-x64\jre\21.0.12.1-win32-x86_64\bin;C:\WINDOWS\SYSTEM32;C:\WINDOWS\WinSxS\amd64_microsoft.windows.common-controls_6595b64144ccf1df_6.0.26100.9278_none_3e0d1ba8e3303201;c:\Users\WINDOWS\.vscode\extensions\redhat.java-1.56.0-win32-x64\jre\21.0.12.1-win32-x86_64\bin\server;C:\Users\WINDOWS\AppData\Roaming\Code\User\globalStorage\redhat.java\1.56.0\config_win\org.eclipse.equinox.launcher\org.eclipse.equinox.launcher.win32.win32.x86_64_1.3.100.v20260804-1928

VM Arguments:
jvm_args: --add-modules=ALL-SYSTEM --add-opens=java.base/java.util=ALL-UNNAMED --add-opens=java.base/java.lang=ALL-UNNAMED --add-opens=java.base/sun.nio.fs=ALL-UNNAMED -Declipse.application=org.eclipse.jdt.ls.core.id1 -Dosgi.bundles.defaultStartLevel=4 -Declipse.product=org.eclipse.jdt.ls.core.product -Djava.import.generatesMetadataFilesAtProjectRoot=false -Dm2e.project.cache.size=50 -DDetectVMInstallationsJob.disabled=true -Dfile.encoding=utf8 -XX:+UseParallelGC -XX:GCTimeRatio=4 -XX:AdaptiveSizePolicyWeight=90 -Dsun.zip.disableMemoryMapping=true -Xmx2G -Xms100m -Xlog:disable -javaagent:c:\Users\WINDOWS\.vscode\extensions\redhat.java-1.56.0-win32-x64\lombok\lombok-1.18.39-4050.jar -XX:+HeapDumpOnOutOfMemoryError -XX:HeapDumpPath=c:\Users\WINDOWS\AppData\Roaming\Code\User\workspaceStorage\e74945239c8ce53c9d014c37863d82f6\redhat.java -Daether.dependencyCollector.impl=bf 
java_command: c:\Users\WINDOWS\.vscode\extensions\redhat.java-1.56.0-win32-x64\server\plugins\org.eclipse.equinox.launcher_1.8.0.v20260804-1928.jar -configuration c:\Users\WINDOWS\AppData\Roaming\Code\User\globalStorage\redhat.java\1.56.0\config_win -data c:\Users\WINDOWS\AppData\Roaming\Code\User\workspaceStorage\e74945239c8ce53c9d014c37863d82f6\redhat.java\jdt_ws --stdio
java_class_path (initial): c:\Users\WINDOWS\.vscode\extensions\redhat.java-1.56.0-win32-x64\server\plugins\org.eclipse.equinox.launcher_1.8.0.v20260804-1928.jar
Launcher Type: SUN_STANDARD

[Global flags]
    uintx AdaptiveSizePolicyWeight                 = 90                                        {product} {command line}
     intx CICompilerCount                          = 4                                         {product} {ergonomic}
    uintx GCTimeRatio                              = 4                                         {product} {command line}
     bool HeapDumpOnOutOfMemoryError               = true                                   {manageable} {command line}
    ccstr HeapDumpPath                             = c:\Users\WINDOWS\AppData\Roaming\Code\User\workspaceStorage\e74945239c8ce53c9d014c37863d82f6\redhat.java         {manageable} {command line}
   size_t InitialHeapSize                          = 104857600                                 {product} {command line}
   size_t MaxHeapSize                              = 2147483648                                {product} {command line}
   size_t MaxNewSize                               = 715653120                                 {product} {ergonomic}
   size_t MinHeapDeltaBytes                        = 524288                                    {product} {ergonomic}
   size_t MinHeapSize                              = 104857600                                 {product} {command line}
   size_t NewSize                                  = 34603008                                  {product} {ergonomic}
    uintx NonNMethodCodeHeapSize                   = 5839372                                {pd product} {ergonomic}
    uintx NonProfiledCodeHeapSize                  = 122909434                              {pd product} {ergonomic}
   size_t OldSize                                  = 70254592                                  {product} {ergonomic}
    uintx ProfiledCodeHeapSize                     = 122909434                              {pd product} {ergonomic}
    uintx ReservedCodeCacheSize                    = 251658240                              {pd product} {ergonomic}
     bool SegmentedCodeCache                       = true                                      {product} {ergonomic}
   size_t SoftMaxHeapSize                          = 2147483648                             {manageable} {ergonomic}
     bool UseCompressedOops                        = true                           {product lp64_product} {ergonomic}
     bool UseLargePagesIndividualAllocation        = false                                  {pd product} {ergonomic}
     bool UseParallelGC                            = true                                      {product} {command line}

Logging:
Log output configuration:
 #0: stdout all=off uptime,level,tags foldmultilines=false
 #1: stderr all=off uptime,level,tags foldmultilines=false

Release file:
JAVA_VERSION="21.0.12.1" 
MODULES="java.base java.compiler java.datatransfer java.xml java.prefs java.desktop java.instrument java.logging java.management java.security.sasl java.naming java.rmi java.management.rmi java.net.http java.scripting java.security.jgss java.transaction.xa java.sql java.sql.rowset java.xml.crypto java.se java.smartcardio jdk.accessibility jdk.internal.jvmstat jdk.attach jdk.charsets jdk.internal.opt jdk.zipfs jdk.compiler jdk.crypto.ec jdk.crypto.cryptoki jdk.crypto.mscapi jdk.dynalink jdk.internal.ed jdk.editpad jdk.hotspot.agent jdk.httpserver jdk.internal.le jdk.internal.vm.ci jdk.internal.vm.compiler jdk.internal.vm.compiler.management jdk.jartool jdk.javadoc jdk.jcmd jdk.management jdk.management.agent jdk.jconsole jdk.jdeps jdk.jdwp.agent jdk.jdi jdk.jfr jdk.jshell jdk.jsobject jdk.jstatd jdk.localedata jdk.management.jfr jdk.naming.dns jdk.naming.rmi jdk.net jdk.nio.mapmode jdk.random jdk.sctp jdk.security.auth jdk.security.jgss jdk.unsupported jdk.unsupported.desktop jdk.xml.dom" 

Environment Variables:
PATH=C:\Python313\Scripts\;C:\Python313\;C:\Program Files\Common Files\Oracle\Java\javapath;C:\Program Files (x86)\Common Files\Oracle\Java\java8path;C:\Program Files (x86)\Common Files\Oracle\Java\javapath;C:\WINDOWS\system32;C:\WINDOWS;C:\WINDOWS\System32\Wbem;C:\WINDOWS\System32\WindowsPowerShell\v1.0\;C:\WINDOWS\System32\OpenSSH\;C:\Program Files\Microsoft SQL Server\120\Tools\Binn\;C:\Program Files\Git\cmd;C:\Program Files\Java\jdk-17\bin;C:\Program Files\nodejs\;C:\ProgramData\chocolatey\bin;C:\Program Files\PuTTY\;C:\Program Files\Docker\Docker\resources\bin;C:\Program Files\MySQL\MySQL Shell 8.0\bin\;C:\Program Files\MySQL\MySQL Server 8.0\bin;C:\Users\WINDOWS\AppData\Roaming\npm;C:\Program Files\PostgreSQL\18\bin;C:\Users\WINDOWS\AppData\Local\Programs\Antigravity\bin;C:\Users\WINDOWS\AppData\Local\Programs\Microsoft VS Code\bin
USERNAME=WINDOWS
OS=Windows_NT
PROCESSOR_IDENTIFIER=AMD64 Family 23 Model 96 Stepping 1, AuthenticAMD
TMP=C:\Users\WINDOWS\AppData\Local\Temp
TEMP=C:\Users\WINDOWS\AppData\Local\Temp




Periodic native trim disabled

---------------  S Y S T E M  ---------------

OS:
 Windows 11 , 64 bit Build 26100 (10.0.26100.9444)
OS uptime: 1 days 19:44 hours
Hyper-V role detected

CPU: total 12 (initial active 12) (12 cores per cpu, 2 threads per core) family 23 model 96 stepping 1 microcode 0x8600106, cx8, cmov, fxsr, ht, mmx, 3dnowpref, sse, sse2, sse3, ssse3, sse4a, sse4.1, sse4.2, popcnt, lzcnt, tsc, tscinvbit, avx, avx2, aes, clmul, bmi1, bmi2, adx, sha, fma, vzeroupper, clflush, clflushopt, hv, rdtscp, rdpid, f16c
Processor Information for the first 12 processors :
  Max Mhz: 3000, Current Mhz: 3000, Mhz Limit: 3000

Memory: 4k page, system-wide physical 7549M (152M free)
TotalPageFile size 31101M (AvailPageFile size 0M)
current process WorkingSet (physical memory assigned to process): 96M, peak: 96M
current process commit charge ("private bytes"): 246M, peak: 247M

vm_info: OpenJDK 64-Bit Server VM (21.0.12.1+1-LTS) for windows-amd64 JRE (21.0.12.1+1-LTS), built on 2026-08-18T00:00:00Z by "admin" with MS VC++ 17.12 (VS2022)

END.
